﻿[36mvite v8.0.0 [32mbuilding client environment for production...[36m[39m
[2K
node : [31mΓ£ù[39m Build failed in 2.11s
At line:1 char:1
+ node node_modules/vite/bin/vite.js build > build_output.txt 2>&1
+ ~~~~~~~~~~~~~~~~~~~~~~~~~~~~~~~~~~~~~~~~~~~~~~~~~~~~~~~~~~~~~~~~
    + CategoryInfo          : NotSpecified: ([31mΓ£ù[39m Build failed in 2.11s:String) [], RemoteException
    + FullyQualifiedErrorId : NativeCommandError
 
[31merror during build:
Error: 
  Configure "workbox.maximumFileSizeToCacheInBytes" to change the limit: the default value is 2 MiB.
  Check https://vite-pwa-org.netlify.app/guide/faq.html#missing-assets-from-sw-precache-manifest for more information.
  Assets exceeding the limit:
  - assets/index-Cv0Tkmxt.js is 2.11 MB, and won't be precached.

    at logWorkboxResult 
(file:///C:/Users/LIZBETH/Desktop/TMSREPO%20CLONE/node_modules/vite-plugin-pwa/dist/chunk-G4TAN34B.js:44:13)
    at generateServiceWorker 
(file:///C:/Users/LIZBETH/Desktop/TMSREPO%20CLONE/node_modules/vite-plugin-pwa/dist/index.js:209:3)
    at async _generateSW 
(file:///C:/Users/LIZBETH/Desktop/TMSREPO%20CLONE/node_modules/vite-plugin-pwa/dist/index.js:234:5)
    at async PluginContextImpl.handler 
(file:///C:/Users/LIZBETH/Desktop/TMSREPO%20CLONE/node_modules/vite-plugin-pwa/dist/index.js:427:13)
    at async plugin (file:///C:/Users/LIZBETH/Desktop/TMSREPO%20CLONE/node_modules/rolldown/dist/shared/bindingify-inpu
t-options-Cu7pt6SZ.mjs:1324:4)
    at async plugin.<computed> (file:///C:/Users/LIZBETH/Desktop/TMSREPO%20CLONE/node_modules/rolldown/dist/shared/bind
ingify-input-options-Cu7pt6SZ.mjs:1570:12) {
  code: 'PLUGIN_ERROR',
  plugin: 'vite-plugin-pwa:build',
  hook: 'closeBundle'
}[39m
transforming...
